// Jest Snapshot v1, https://goo.gl/fbAQLP

exports[`Page Render images 1`] = `
{
  "asFragment": [Function],
  "baseElement": <body>
    <div>
      <div
        class="grid h-full flex-1 items-stretch gap-6 md:grid-cols-[1fr_250px]"
      >
        <div
          class="relative"
        >
          <svg
            class="animate-spin absolute left-0 right-0 top-20 m-auto"
            fill="none"
            height="24"
            stroke="currentColor"
            stroke-linecap="round"
            stroke-linejoin="round"
            stroke-width="2"
            viewBox="0 0 24 24"
            width="24"
            xmlns="http://www.w3.org/2000/svg"
          >
            <path
              d="M21 12a9 9 0 1 1-6.219-8.56"
            />
          </svg>
          <canvas
            class="absolute left-0 right-0 m-auto rounded-md"
            height="300"
            style="width: 4000px; height: 3000px;"
            width="400"
          />
        </div>
        <div
          class="flex flex-col"
        >
          <div
            class="flex gap-2"
          >
            <div
              class="grid gap-2 flex-1"
            >
              <label
                class="text-sm font-medium leading-none peer-disabled:cursor-not-allowed peer-disabled:opacity-70"
              >
                Width
              </label>
              <input
                class="flex h-9 w-full rounded-md border border-input bg-transparent px-3 py-1 text-sm shadow-sm transition-colors file:border-0 file:bg-transparent file:text-sm file:font-medium placeholder:text-muted-foreground focus-visible:outline-none focus-visible:ring-1 focus-visible:ring-ring disabled:cursor-not-allowed disabled:opacity-50"
                min="0"
                type="number"
                value="400"
              />
            </div>
            <div
              class="grid gap-2 flex-1"
            >
              <label
                class="text-sm font-medium leading-none peer-disabled:cursor-not-allowed peer-disabled:opacity-70"
              >
                Height
              </label>
              <input
                class="flex h-9 w-full rounded-md border border-input bg-transparent px-3 py-1 text-sm shadow-sm transition-colors file:border-0 file:bg-transparent file:text-sm file:font-medium placeholder:text-muted-foreground focus-visible:outline-none focus-visible:ring-1 focus-visible:ring-ring disabled:cursor-not-allowed disabled:opacity-50"
                min="0"
                type="number"
                value="300"
              />
            </div>
          </div>
          <div
            class="pt-4"
          >
            <div
              class="grid gap-2"
            >
              <div
                class="flex items-center justify-between"
              >
                <label
                  class="text-sm font-medium leading-none peer-disabled:cursor-not-allowed peer-disabled:opacity-70"
                >
                  Blur
                </label>
                <span
                  class="w-12 rounded-md border border-transparent px-2 py-0.5 text-right text-sm text-muted-foreground hover:border-border"
                >
                  4
                </span>
              </div>
              <span
                aria-disabled="false"
                class="relative flex w-full touch-none select-none items-center [&_[role=slider]]:h-4 [&_[role=slider]]:w-4"
                data-orientation="horizontal"
                dir="ltr"
                style="--radix-slider-thumb-transform: translateX(-50%);"
              >
                <span
                  class="relative h-1.5 w-full grow overflow-hidden rounded-full bg-primary/20"
                  data-orientation="horizontal"
                >
                  <span
                    class="absolute h-full bg-primary"
                    data-orientation="horizontal"
                    style="left: 0%; right: 60%;"
                  />
                </span>
                <span
                  style="transform: var(--radix-slider-thumb-transform); position: absolute; left: calc(40% + 0px);"
                >
                  <span
                    aria-orientation="horizontal"
                    aria-valuemax="10"
                    aria-valuemin="0"
                    aria-valuenow="4"
                    class="block h-4 w-4 rounded-full border border-primary/50 bg-background shadow transition-colors focus-visible:outline-none focus-visible:ring-1 focus-visible:ring-ring disabled:pointer-events-none disabled:opacity-50"
                    data-orientation="horizontal"
                    data-radix-collection-item=""
                    role="slider"
                    style=""
                    tabindex="0"
                  />
                </span>
              </span>
            </div>
          </div>
          <div
            class="pt-8"
          >
            <div
              class="flex items-center justify-between"
            >
              <label
                class="text-sm font-medium leading-none peer-disabled:cursor-not-allowed peer-disabled:opacity-70"
              >
                Grayscale
              </label>
              <button
                aria-checked="true"
                class="peer inline-flex h-5 w-9 shrink-0 cursor-pointer items-center rounded-full border-2 border-transparent shadow-sm transition-colors focus-visible:outline-none focus-visible:ring-2 focus-visible:ring-ring focus-visible:ring-offset-2 focus-visible:ring-offset-background disabled:cursor-not-allowed disabled:opacity-50 data-[state=checked]:bg-primary data-[state=unchecked]:bg-input"
                data-state="checked"
                role="switch"
                type="button"
                value="on"
              >
                <span
                  class="pointer-events-none block h-4 w-4 rounded-full bg-background shadow-lg ring-0 transition-transform data-[state=checked]:translate-x-4 data-[state=unchecked]:translate-x-0"
                  data-state="checked"
                />
              </button>
            </div>
          </div>
          <div
            class="pt-6"
          >
            <button
              class="inline-flex items-center justify-center whitespace-nowrap rounded-md text-sm font-medium transition-colors focus-visible:outline-none focus-visible:ring-1 focus-visible:ring-ring disabled:pointer-events-none disabled:opacity-50 bg-primary text-primary-foreground shadow hover:bg-primary/90 h-9 px-4 py-2 w-full"
              disabled=""
            >
              <svg
                class="mr-2 h-5 w-5"
                fill="none"
                height="15"
                viewBox="0 0 15 15"
                width="15"
                xmlns="http://www.w3.org/2000/svg"
              >
                <path
                  clip-rule="evenodd"
                  d="M7.50005 1.04999C7.74858 1.04999 7.95005 1.25146 7.95005 1.49999V8.41359L10.1819 6.18179C10.3576 6.00605 10.6425 6.00605 10.8182 6.18179C10.994 6.35753 10.994 6.64245 10.8182 6.81819L7.81825 9.81819C7.64251 9.99392 7.35759 9.99392 7.18185 9.81819L4.18185 6.81819C4.00611 6.64245 4.00611 6.35753 4.18185 6.18179C4.35759 6.00605 4.64251 6.00605 4.81825 6.18179L7.05005 8.41359V1.49999C7.05005 1.25146 7.25152 1.04999 7.50005 1.04999ZM2.5 10C2.77614 10 3 10.2239 3 10.5V12C3 12.5539 3.44565 13 3.99635 13H11.0012C11.5529 13 12 12.5528 12 12V10.5C12 10.2239 12.2239 10 12.5 10C12.7761 10 13 10.2239 13 10.5V12C13 13.1041 12.1062 14 11.0012 14H3.99635C2.89019 14 2 13.103 2 12V10.5C2 10.2239 2.22386 10 2.5 10Z"
                  fill="currentColor"
                  fill-rule="evenodd"
                />
              </svg>
               Download
            </button>
          </div>
        </div>
      </div>
    </div>
  </body>,
  "container": <div>
    <div
      class="grid h-full flex-1 items-stretch gap-6 md:grid-cols-[1fr_250px]"
    >
      <div
        class="relative"
      >
        <svg
          class="animate-spin absolute left-0 right-0 top-20 m-auto"
          fill="none"
          height="24"
          stroke="currentColor"
          stroke-linecap="round"
          stroke-linejoin="round"
          stroke-width="2"
          viewBox="0 0 24 24"
          width="24"
          xmlns="http://www.w3.org/2000/svg"
        >
          <path
            d="M21 12a9 9 0 1 1-6.219-8.56"
          />
        </svg>
        <canvas
          class="absolute left-0 right-0 m-auto rounded-md"
          height="300"
          style="width: 4000px; height: 3000px;"
          width="400"
        />
      </div>
      <div
        class="flex flex-col"
      >
        <div
          class="flex gap-2"
        >
          <div
            class="grid gap-2 flex-1"
          >
            <label
              class="text-sm font-medium leading-none peer-disabled:cursor-not-allowed peer-disabled:opacity-70"
            >
              Width
            </label>
            <input
              class="flex h-9 w-full rounded-md border border-input bg-transparent px-3 py-1 text-sm shadow-sm transition-colors file:border-0 file:bg-transparent file:text-sm file:font-medium placeholder:text-muted-foreground focus-visible:outline-none focus-visible:ring-1 focus-visible:ring-ring disabled:cursor-not-allowed disabled:opacity-50"
              min="0"
              type="number"
              value="400"
            />
          </div>
          <div
            class="grid gap-2 flex-1"
          >
            <label
              class="text-sm font-medium leading-none peer-disabled:cursor-not-allowed peer-disabled:opacity-70"
            >
              Height
            </label>
            <input
              class="flex h-9 w-full rounded-md border border-input bg-transparent px-3 py-1 text-sm shadow-sm transition-colors file:border-0 file:bg-transparent file:text-sm file:font-medium placeholder:text-muted-foreground focus-visible:outline-none focus-visible:ring-1 focus-visible:ring-ring disabled:cursor-not-allowed disabled:opacity-50"
              min="0"
              type="number"
              value="300"
            />
          </div>
        </div>
        <div
          class="pt-4"
        >
          <div
            class="grid gap-2"
          >
            <div
              class="flex items-center justify-between"
            >
              <label
                class="text-sm font-medium leading-none peer-disabled:cursor-not-allowed peer-disabled:opacity-70"
              >
                Blur
              </label>
              <span
                class="w-12 rounded-md border border-transparent px-2 py-0.5 text-right text-sm text-muted-foreground hover:border-border"
              >
                4
              </span>
            </div>
            <span
              aria-disabled="false"
              class="relative flex w-full touch-none select-none items-center [&_[role=slider]]:h-4 [&_[role=slider]]:w-4"
              data-orientation="horizontal"
              dir="ltr"
              style="--radix-slider-thumb-transform: translateX(-50%);"
            >
              <span
                class="relative h-1.5 w-full grow overflow-hidden rounded-full bg-primary/20"
                data-orientation="horizontal"
              >
                <span
                  class="absolute h-full bg-primary"
                  data-orientation="horizontal"
                  style="left: 0%; right: 60%;"
                />
              </span>
              <span
                style="transform: var(--radix-slider-thumb-transform); position: absolute; left: calc(40% + 0px);"
              >
                <span
                  aria-orientation="horizontal"
                  aria-valuemax="10"
                  aria-valuemin="0"
                  aria-valuenow="4"
                  class="block h-4 w-4 rounded-full border border-primary/50 bg-background shadow transition-colors focus-visible:outline-none focus-visible:ring-1 focus-visible:ring-ring disabled:pointer-events-none disabled:opacity-50"
                  data-orientation="horizontal"
                  data-radix-collection-item=""
                  role="slider"
                  style=""
                  tabindex="0"
                />
              </span>
            </span>
          </div>
        </div>
        <div
          class="pt-8"
        >
          <div
            class="flex items-center justify-between"
          >
            <label
              class="text-sm font-medium leading-none peer-disabled:cursor-not-allowed peer-disabled:opacity-70"
            >
              Grayscale
            </label>
            <button
              aria-checked="true"
              class="peer inline-flex h-5 w-9 shrink-0 cursor-pointer items-center rounded-full border-2 border-transparent shadow-sm transition-colors focus-visible:outline-none focus-visible:ring-2 focus-visible:ring-ring focus-visible:ring-offset-2 focus-visible:ring-offset-background disabled:cursor-not-allowed disabled:opacity-50 data-[state=checked]:bg-primary data-[state=unchecked]:bg-input"
              data-state="checked"
              role="switch"
              type="button"
              value="on"
            >
              <span
                class="pointer-events-none block h-4 w-4 rounded-full bg-background shadow-lg ring-0 transition-transform data-[state=checked]:translate-x-4 data-[state=unchecked]:translate-x-0"
                data-state="checked"
              />
            </button>
          </div>
        </div>
        <div
          class="pt-6"
        >
          <button
            class="inline-flex items-center justify-center whitespace-nowrap rounded-md text-sm font-medium transition-colors focus-visible:outline-none focus-visible:ring-1 focus-visible:ring-ring disabled:pointer-events-none disabled:opacity-50 bg-primary text-primary-foreground shadow hover:bg-primary/90 h-9 px-4 py-2 w-full"
            disabled=""
          >
            <svg
              class="mr-2 h-5 w-5"
              fill="none"
              height="15"
              viewBox="0 0 15 15"
              width="15"
              xmlns="http://www.w3.org/2000/svg"
            >
              <path
                clip-rule="evenodd"
                d="M7.50005 1.04999C7.74858 1.04999 7.95005 1.25146 7.95005 1.49999V8.41359L10.1819 6.18179C10.3576 6.00605 10.6425 6.00605 10.8182 6.18179C10.994 6.35753 10.994 6.64245 10.8182 6.81819L7.81825 9.81819C7.64251 9.99392 7.35759 9.99392 7.18185 9.81819L4.18185 6.81819C4.00611 6.64245 4.00611 6.35753 4.18185 6.18179C4.35759 6.00605 4.64251 6.00605 4.81825 6.18179L7.05005 8.41359V1.49999C7.05005 1.25146 7.25152 1.04999 7.50005 1.04999ZM2.5 10C2.77614 10 3 10.2239 3 10.5V12C3 12.5539 3.44565 13 3.99635 13H11.0012C11.5529 13 12 12.5528 12 12V10.5C12 10.2239 12.2239 10 12.5 10C12.7761 10 13 10.2239 13 10.5V12C13 13.1041 12.1062 14 11.0012 14H3.99635C2.89019 14 2 13.103 2 12V10.5C2 10.2239 2.22386 10 2.5 10Z"
                fill="currentColor"
                fill-rule="evenodd"
              />
            </svg>
             Download
          </button>
        </div>
      </div>
    </div>
  </div>,
  "debug": [Function],
  "findAllByAltText": [Function],
  "findAllByDisplayValue": [Function],
  "findAllByLabelText": [Function],
  "findAllByPlaceholderText": [Function],
  "findAllByRole": [Function],
  "findAllByTestId": [Function],
  "findAllByText": [Function],
  "findAllByTitle": [Function],
  "findByAltText": [Function],
  "findByDisplayValue": [Function],
  "findByLabelText": [Function],
  "findByPlaceholderText": [Function],
  "findByRole": [Function],
  "findByTestId": [Function],
  "findByText": [Function],
  "findByTitle": [Function],
  "getAllByAltText": [Function],
  "getAllByDisplayValue": [Function],
  "getAllByLabelText": [Function],
  "getAllByPlaceholderText": [Function],
  "getAllByRole": [Function],
  "getAllByTestId": [Function],
  "getAllByText": [Function],
  "getAllByTitle": [Function],
  "getByAltText": [Function],
  "getByDisplayValue": [Function],
  "getByLabelText": [Function],
  "getByPlaceholderText": [Function],
  "getByRole": [Function],
  "getByTestId": [Function],
  "getByText": [Function],
  "getByTitle": [Function],
  "queryAllByAltText": [Function],
  "queryAllByDisplayValue": [Function],
  "queryAllByLabelText": [Function],
  "queryAllByPlaceholderText": [Function],
  "queryAllByRole": [Function],
  "queryAllByTestId": [Function],
  "queryAllByText": [Function],
  "queryAllByTitle": [Function],
  "queryByAltText": [Function],
  "queryByDisplayValue": [Function],
  "queryByLabelText": [Function],
  "queryByPlaceholderText": [Function],
  "queryByRole": [Function],
  "queryByTestId": [Function],
  "queryByText": [Function],
  "queryByTitle": [Function],
  "rerender": [Function],
  "unmount": [Function],
}
`;
