// Jest Snapshot v1, https://goo.gl/fbAQLP

exports[`Page Render images 1`] = `
{
  "asFragment": [Function],
  "baseElement": <body>
    <div>
      <div
        class="flex min-h-full flex-col gap-2"
      >
        <div
          class="grid flex-1 grid-cols-1 gap-4 sm:grid-cols-2 md:grid-cols-3 lg:grid-cols-5"
        >
          <a
            href="/editor/1"
          >
            <div
              class="rounded-xl border bg-card text-card-foreground shadow group relative overflow-hidden"
            >
              <img
                alt="Mock Author 1"
                class="h-48 w-full rounded-md object-cover transition-opacity duration-700 opacity-0"
                src="mock-scaled.url/1/500/500"
              />
              <div
                class="text-sm text-white opacity-0 transition-opacity duration-700 ease-in group-hover:opacity-100"
              >
                <span
                  class="absolute left-1/2 top-1 -translate-x-1/2 drop-shadow-md"
                >
                  Click to edit
                </span>
                <div
                  class="absolute bottom-0 w-full bg-gradient-to-t from-black/80 via-black/10 via-70% to-black/10 to-transparent to-90% pb-1 pt-8 text-center"
                >
                  <p
                    class="inline-flex items-center justify-center gap-1"
                  >
                    <svg
                      fill="none"
                      height="15"
                      viewBox="0 0 15 15"
                      width="20"
                      xmlns="http://www.w3.org/2000/svg"
                    >
                      <path
                        clip-rule="evenodd"
                        d="M0.877014 7.49988C0.877014 3.84219 3.84216 0.877045 7.49985 0.877045C11.1575 0.877045 14.1227 3.84219 14.1227 7.49988C14.1227 11.1575 11.1575 14.1227 7.49985 14.1227C3.84216 14.1227 0.877014 11.1575 0.877014 7.49988ZM7.49985 1.82704C4.36683 1.82704 1.82701 4.36686 1.82701 7.49988C1.82701 8.97196 2.38774 10.3131 3.30727 11.3213C4.19074 9.94119 5.73818 9.02499 7.50023 9.02499C9.26206 9.02499 10.8093 9.94097 11.6929 11.3208C12.6121 10.3127 13.1727 8.97172 13.1727 7.49988C13.1727 4.36686 10.6328 1.82704 7.49985 1.82704ZM10.9818 11.9787C10.2839 10.7795 8.9857 9.97499 7.50023 9.97499C6.01458 9.97499 4.71624 10.7797 4.01845 11.9791C4.97952 12.7272 6.18765 13.1727 7.49985 13.1727C8.81227 13.1727 10.0206 12.727 10.9818 11.9787ZM5.14999 6.50487C5.14999 5.207 6.20212 4.15487 7.49999 4.15487C8.79786 4.15487 9.84999 5.207 9.84999 6.50487C9.84999 7.80274 8.79786 8.85487 7.49999 8.85487C6.20212 8.85487 5.14999 7.80274 5.14999 6.50487ZM7.49999 5.10487C6.72679 5.10487 6.09999 5.73167 6.09999 6.50487C6.09999 7.27807 6.72679 7.90487 7.49999 7.90487C8.27319 7.90487 8.89999 7.27807 8.89999 6.50487C8.89999 5.73167 8.27319 5.10487 7.49999 5.10487Z"
                        fill="currentColor"
                        fill-rule="evenodd"
                      />
                    </svg>
                    Mock Author 1
                  </p>
                </div>
              </div>
            </div>
          </a>
          <a
            href="/editor/2"
          >
            <div
              class="rounded-xl border bg-card text-card-foreground shadow group relative overflow-hidden"
            >
              <img
                alt="Mock Author 2"
                class="h-48 w-full rounded-md object-cover transition-opacity duration-700 opacity-0"
                src="mock-scaled.url/2/500/750"
              />
              <div
                class="text-sm text-white opacity-0 transition-opacity duration-700 ease-in group-hover:opacity-100"
              >
                <span
                  class="absolute left-1/2 top-1 -translate-x-1/2 drop-shadow-md"
                >
                  Click to edit
                </span>
                <div
                  class="absolute bottom-0 w-full bg-gradient-to-t from-black/80 via-black/10 via-70% to-black/10 to-transparent to-90% pb-1 pt-8 text-center"
                >
                  <p
                    class="inline-flex items-center justify-center gap-1"
                  >
                    <svg
                      fill="none"
                      height="15"
                      viewBox="0 0 15 15"
                      width="20"
                      xmlns="http://www.w3.org/2000/svg"
                    >
                      <path
                        clip-rule="evenodd"
                        d="M0.877014 7.49988C0.877014 3.84219 3.84216 0.877045 7.49985 0.877045C11.1575 0.877045 14.1227 3.84219 14.1227 7.49988C14.1227 11.1575 11.1575 14.1227 7.49985 14.1227C3.84216 14.1227 0.877014 11.1575 0.877014 7.49988ZM7.49985 1.82704C4.36683 1.82704 1.82701 4.36686 1.82701 7.49988C1.82701 8.97196 2.38774 10.3131 3.30727 11.3213C4.19074 9.94119 5.73818 9.02499 7.50023 9.02499C9.26206 9.02499 10.8093 9.94097 11.6929 11.3208C12.6121 10.3127 13.1727 8.97172 13.1727 7.49988C13.1727 4.36686 10.6328 1.82704 7.49985 1.82704ZM10.9818 11.9787C10.2839 10.7795 8.9857 9.97499 7.50023 9.97499C6.01458 9.97499 4.71624 10.7797 4.01845 11.9791C4.97952 12.7272 6.18765 13.1727 7.49985 13.1727C8.81227 13.1727 10.0206 12.727 10.9818 11.9787ZM5.14999 6.50487C5.14999 5.207 6.20212 4.15487 7.49999 4.15487C8.79786 4.15487 9.84999 5.207 9.84999 6.50487C9.84999 7.80274 8.79786 8.85487 7.49999 8.85487C6.20212 8.85487 5.14999 7.80274 5.14999 6.50487ZM7.49999 5.10487C6.72679 5.10487 6.09999 5.73167 6.09999 6.50487C6.09999 7.27807 6.72679 7.90487 7.49999 7.90487C8.27319 7.90487 8.89999 7.27807 8.89999 6.50487C8.89999 5.73167 8.27319 5.10487 7.49999 5.10487Z"
                        fill="currentColor"
                        fill-rule="evenodd"
                      />
                    </svg>
                    Mock Author 2
                  </p>
                </div>
              </div>
            </div>
          </a>
        </div>
        <nav
          aria-label="pagination"
          class="mx-auto flex justify-center sticky bottom-2 w-fit rounded-full bg-white p-2"
          role="navigation"
        >
          <ul
            class="flex flex-row items-center gap-1"
          >
            <li
              class="pointer-events-none opacity-50"
            >
              <a
                aria-label="Go to previous page"
                class="inline-flex items-center justify-center whitespace-nowrap rounded-md text-sm font-medium transition-colors focus-visible:outline-none focus-visible:ring-1 focus-visible:ring-ring disabled:pointer-events-none disabled:opacity-50 hover:bg-accent hover:text-accent-foreground h-9 px-4 py-2 gap-1 pl-2.5"
                href="?page=0"
              >
                <svg
                  class="h-4 w-4"
                  fill="none"
                  height="15"
                  viewBox="0 0 15 15"
                  width="15"
                  xmlns="http://www.w3.org/2000/svg"
                >
                  <path
                    clip-rule="evenodd"
                    d="M8.84182 3.13514C9.04327 3.32401 9.05348 3.64042 8.86462 3.84188L5.43521 7.49991L8.86462 11.1579C9.05348 11.3594 9.04327 11.6758 8.84182 11.8647C8.64036 12.0535 8.32394 12.0433 8.13508 11.8419L4.38508 7.84188C4.20477 7.64955 4.20477 7.35027 4.38508 7.15794L8.13508 3.15794C8.32394 2.95648 8.64036 2.94628 8.84182 3.13514Z"
                    fill="currentColor"
                    fill-rule="evenodd"
                  />
                </svg>
                <span>
                  Previous
                </span>
              </a>
            </li>
            <li
              class="hidden sm:list-item"
            >
              <a
                aria-current="page"
                class="inline-flex items-center justify-center whitespace-nowrap rounded-md text-sm font-medium transition-colors focus-visible:outline-none focus-visible:ring-1 focus-visible:ring-ring disabled:pointer-events-none disabled:opacity-50 border border-input bg-background shadow-sm hover:bg-accent hover:text-accent-foreground h-9 w-9"
                href="?page=1"
              >
                1
              </a>
            </li>
            <li
              class="hidden sm:list-item"
            >
              <a
                class="inline-flex items-center justify-center whitespace-nowrap rounded-md text-sm font-medium transition-colors focus-visible:outline-none focus-visible:ring-1 focus-visible:ring-ring disabled:pointer-events-none disabled:opacity-50 hover:bg-accent hover:text-accent-foreground h-9 w-9"
                href="?page=2"
              >
                2
              </a>
            </li>
            <li
              class="hidden sm:list-item"
            >
              <a
                class="inline-flex items-center justify-center whitespace-nowrap rounded-md text-sm font-medium transition-colors focus-visible:outline-none focus-visible:ring-1 focus-visible:ring-ring disabled:pointer-events-none disabled:opacity-50 hover:bg-accent hover:text-accent-foreground h-9 w-9"
                href="?page=3"
              >
                3
              </a>
            </li>
            <li
              class="hidden sm:list-item"
            >
              <a
                class="inline-flex items-center justify-center whitespace-nowrap rounded-md text-sm font-medium transition-colors focus-visible:outline-none focus-visible:ring-1 focus-visible:ring-ring disabled:pointer-events-none disabled:opacity-50 hover:bg-accent hover:text-accent-foreground h-9 w-9"
                href="?page=4"
              >
                4
              </a>
            </li>
            <li
              class="hidden sm:list-item"
            >
              <a
                class="inline-flex items-center justify-center whitespace-nowrap rounded-md text-sm font-medium transition-colors focus-visible:outline-none focus-visible:ring-1 focus-visible:ring-ring disabled:pointer-events-none disabled:opacity-50 hover:bg-accent hover:text-accent-foreground h-9 w-9"
                href="?page=5"
              >
                5
              </a>
            </li>
            <span
              aria-hidden="true"
              class="h-9 w-9 items-center justify-center hidden sm:flex"
            >
              <svg
                class="h-4 w-4"
                fill="none"
                height="15"
                viewBox="0 0 15 15"
                width="15"
                xmlns="http://www.w3.org/2000/svg"
              >
                <path
                  clip-rule="evenodd"
                  d="M3.625 7.5C3.625 8.12132 3.12132 8.625 2.5 8.625C1.87868 8.625 1.375 8.12132 1.375 7.5C1.375 6.87868 1.87868 6.375 2.5 6.375C3.12132 6.375 3.625 6.87868 3.625 7.5ZM8.625 7.5C8.625 8.12132 8.12132 8.625 7.5 8.625C6.87868 8.625 6.375 8.12132 6.375 7.5C6.375 6.87868 6.87868 6.375 7.5 6.375C8.12132 6.375 8.625 6.87868 8.625 7.5ZM12.5 8.625C13.1213 8.625 13.625 8.12132 13.625 7.5C13.625 6.87868 13.1213 6.375 12.5 6.375C11.8787 6.375 11.375 6.87868 11.375 7.5C11.375 8.12132 11.8787 8.625 12.5 8.625Z"
                  fill="currentColor"
                  fill-rule="evenodd"
                />
              </svg>
              <span
                class="sr-only"
              >
                More pages
              </span>
            </span>
            <li
              class=""
            >
              <a
                aria-label="Go to next page"
                class="inline-flex items-center justify-center whitespace-nowrap rounded-md text-sm font-medium transition-colors focus-visible:outline-none focus-visible:ring-1 focus-visible:ring-ring disabled:pointer-events-none disabled:opacity-50 hover:bg-accent hover:text-accent-foreground h-9 px-4 py-2 gap-1 pr-2.5"
                href="?page=2"
              >
                <span>
                  Next
                </span>
                <svg
                  class="h-4 w-4"
                  fill="none"
                  height="15"
                  viewBox="0 0 15 15"
                  width="15"
                  xmlns="http://www.w3.org/2000/svg"
                >
                  <path
                    clip-rule="evenodd"
                    d="M6.1584 3.13508C6.35985 2.94621 6.67627 2.95642 6.86514 3.15788L10.6151 7.15788C10.7954 7.3502 10.7954 7.64949 10.6151 7.84182L6.86514 11.8418C6.67627 12.0433 6.35985 12.0535 6.1584 11.8646C5.95694 11.6757 5.94673 11.3593 6.1356 11.1579L9.565 7.49985L6.1356 3.84182C5.94673 3.64036 5.95694 3.32394 6.1584 3.13508Z"
                    fill="currentColor"
                    fill-rule="evenodd"
                  />
                </svg>
              </a>
            </li>
          </ul>
        </nav>
      </div>
    </div>
  </body>,
  "container": <div>
    <div
      class="flex min-h-full flex-col gap-2"
    >
      <div
        class="grid flex-1 grid-cols-1 gap-4 sm:grid-cols-2 md:grid-cols-3 lg:grid-cols-5"
      >
        <a
          href="/editor/1"
        >
          <div
            class="rounded-xl border bg-card text-card-foreground shadow group relative overflow-hidden"
          >
            <img
              alt="Mock Author 1"
              class="h-48 w-full rounded-md object-cover transition-opacity duration-700 opacity-0"
              src="mock-scaled.url/1/500/500"
            />
            <div
              class="text-sm text-white opacity-0 transition-opacity duration-700 ease-in group-hover:opacity-100"
            >
              <span
                class="absolute left-1/2 top-1 -translate-x-1/2 drop-shadow-md"
              >
                Click to edit
              </span>
              <div
                class="absolute bottom-0 w-full bg-gradient-to-t from-black/80 via-black/10 via-70% to-black/10 to-transparent to-90% pb-1 pt-8 text-center"
              >
                <p
                  class="inline-flex items-center justify-center gap-1"
                >
                  <svg
                    fill="none"
                    height="15"
                    viewBox="0 0 15 15"
                    width="20"
                    xmlns="http://www.w3.org/2000/svg"
                  >
                    <path
                      clip-rule="evenodd"
                      d="M0.877014 7.49988C0.877014 3.84219 3.84216 0.877045 7.49985 0.877045C11.1575 0.877045 14.1227 3.84219 14.1227 7.49988C14.1227 11.1575 11.1575 14.1227 7.49985 14.1227C3.84216 14.1227 0.877014 11.1575 0.877014 7.49988ZM7.49985 1.82704C4.36683 1.82704 1.82701 4.36686 1.82701 7.49988C1.82701 8.97196 2.38774 10.3131 3.30727 11.3213C4.19074 9.94119 5.73818 9.02499 7.50023 9.02499C9.26206 9.02499 10.8093 9.94097 11.6929 11.3208C12.6121 10.3127 13.1727 8.97172 13.1727 7.49988C13.1727 4.36686 10.6328 1.82704 7.49985 1.82704ZM10.9818 11.9787C10.2839 10.7795 8.9857 9.97499 7.50023 9.97499C6.01458 9.97499 4.71624 10.7797 4.01845 11.9791C4.97952 12.7272 6.18765 13.1727 7.49985 13.1727C8.81227 13.1727 10.0206 12.727 10.9818 11.9787ZM5.14999 6.50487C5.14999 5.207 6.20212 4.15487 7.49999 4.15487C8.79786 4.15487 9.84999 5.207 9.84999 6.50487C9.84999 7.80274 8.79786 8.85487 7.49999 8.85487C6.20212 8.85487 5.14999 7.80274 5.14999 6.50487ZM7.49999 5.10487C6.72679 5.10487 6.09999 5.73167 6.09999 6.50487C6.09999 7.27807 6.72679 7.90487 7.49999 7.90487C8.27319 7.90487 8.89999 7.27807 8.89999 6.50487C8.89999 5.73167 8.27319 5.10487 7.49999 5.10487Z"
                      fill="currentColor"
                      fill-rule="evenodd"
                    />
                  </svg>
                  Mock Author 1
                </p>
              </div>
            </div>
          </div>
        </a>
        <a
          href="/editor/2"
        >
          <div
            class="rounded-xl border bg-card text-card-foreground shadow group relative overflow-hidden"
          >
            <img
              alt="Mock Author 2"
              class="h-48 w-full rounded-md object-cover transition-opacity duration-700 opacity-0"
              src="mock-scaled.url/2/500/750"
            />
            <div
              class="text-sm text-white opacity-0 transition-opacity duration-700 ease-in group-hover:opacity-100"
            >
              <span
                class="absolute left-1/2 top-1 -translate-x-1/2 drop-shadow-md"
              >
                Click to edit
              </span>
              <div
                class="absolute bottom-0 w-full bg-gradient-to-t from-black/80 via-black/10 via-70% to-black/10 to-transparent to-90% pb-1 pt-8 text-center"
              >
                <p
                  class="inline-flex items-center justify-center gap-1"
                >
                  <svg
                    fill="none"
                    height="15"
                    viewBox="0 0 15 15"
                    width="20"
                    xmlns="http://www.w3.org/2000/svg"
                  >
                    <path
                      clip-rule="evenodd"
                      d="M0.877014 7.49988C0.877014 3.84219 3.84216 0.877045 7.49985 0.877045C11.1575 0.877045 14.1227 3.84219 14.1227 7.49988C14.1227 11.1575 11.1575 14.1227 7.49985 14.1227C3.84216 14.1227 0.877014 11.1575 0.877014 7.49988ZM7.49985 1.82704C4.36683 1.82704 1.82701 4.36686 1.82701 7.49988C1.82701 8.97196 2.38774 10.3131 3.30727 11.3213C4.19074 9.94119 5.73818 9.02499 7.50023 9.02499C9.26206 9.02499 10.8093 9.94097 11.6929 11.3208C12.6121 10.3127 13.1727 8.97172 13.1727 7.49988C13.1727 4.36686 10.6328 1.82704 7.49985 1.82704ZM10.9818 11.9787C10.2839 10.7795 8.9857 9.97499 7.50023 9.97499C6.01458 9.97499 4.71624 10.7797 4.01845 11.9791C4.97952 12.7272 6.18765 13.1727 7.49985 13.1727C8.81227 13.1727 10.0206 12.727 10.9818 11.9787ZM5.14999 6.50487C5.14999 5.207 6.20212 4.15487 7.49999 4.15487C8.79786 4.15487 9.84999 5.207 9.84999 6.50487C9.84999 7.80274 8.79786 8.85487 7.49999 8.85487C6.20212 8.85487 5.14999 7.80274 5.14999 6.50487ZM7.49999 5.10487C6.72679 5.10487 6.09999 5.73167 6.09999 6.50487C6.09999 7.27807 6.72679 7.90487 7.49999 7.90487C8.27319 7.90487 8.89999 7.27807 8.89999 6.50487C8.89999 5.73167 8.27319 5.10487 7.49999 5.10487Z"
                      fill="currentColor"
                      fill-rule="evenodd"
                    />
                  </svg>
                  Mock Author 2
                </p>
              </div>
            </div>
          </div>
        </a>
      </div>
      <nav
        aria-label="pagination"
        class="mx-auto flex justify-center sticky bottom-2 w-fit rounded-full bg-white p-2"
        role="navigation"
      >
        <ul
          class="flex flex-row items-center gap-1"
        >
          <li
            class="pointer-events-none opacity-50"
          >
            <a
              aria-label="Go to previous page"
              class="inline-flex items-center justify-center whitespace-nowrap rounded-md text-sm font-medium transition-colors focus-visible:outline-none focus-visible:ring-1 focus-visible:ring-ring disabled:pointer-events-none disabled:opacity-50 hover:bg-accent hover:text-accent-foreground h-9 px-4 py-2 gap-1 pl-2.5"
              href="?page=0"
            >
              <svg
                class="h-4 w-4"
                fill="none"
                height="15"
                viewBox="0 0 15 15"
                width="15"
                xmlns="http://www.w3.org/2000/svg"
              >
                <path
                  clip-rule="evenodd"
                  d="M8.84182 3.13514C9.04327 3.32401 9.05348 3.64042 8.86462 3.84188L5.43521 7.49991L8.86462 11.1579C9.05348 11.3594 9.04327 11.6758 8.84182 11.8647C8.64036 12.0535 8.32394 12.0433 8.13508 11.8419L4.38508 7.84188C4.20477 7.64955 4.20477 7.35027 4.38508 7.15794L8.13508 3.15794C8.32394 2.95648 8.64036 2.94628 8.84182 3.13514Z"
                  fill="currentColor"
                  fill-rule="evenodd"
                />
              </svg>
              <span>
                Previous
              </span>
            </a>
          </li>
          <li
            class="hidden sm:list-item"
          >
            <a
              aria-current="page"
              class="inline-flex items-center justify-center whitespace-nowrap rounded-md text-sm font-medium transition-colors focus-visible:outline-none focus-visible:ring-1 focus-visible:ring-ring disabled:pointer-events-none disabled:opacity-50 border border-input bg-background shadow-sm hover:bg-accent hover:text-accent-foreground h-9 w-9"
              href="?page=1"
            >
              1
            </a>
          </li>
          <li
            class="hidden sm:list-item"
          >
            <a
              class="inline-flex items-center justify-center whitespace-nowrap rounded-md text-sm font-medium transition-colors focus-visible:outline-none focus-visible:ring-1 focus-visible:ring-ring disabled:pointer-events-none disabled:opacity-50 hover:bg-accent hover:text-accent-foreground h-9 w-9"
              href="?page=2"
            >
              2
            </a>
          </li>
          <li
            class="hidden sm:list-item"
          >
            <a
              class="inline-flex items-center justify-center whitespace-nowrap rounded-md text-sm font-medium transition-colors focus-visible:outline-none focus-visible:ring-1 focus-visible:ring-ring disabled:pointer-events-none disabled:opacity-50 hover:bg-accent hover:text-accent-foreground h-9 w-9"
              href="?page=3"
            >
              3
            </a>
          </li>
          <li
            class="hidden sm:list-item"
          >
            <a
              class="inline-flex items-center justify-center whitespace-nowrap rounded-md text-sm font-medium transition-colors focus-visible:outline-none focus-visible:ring-1 focus-visible:ring-ring disabled:pointer-events-none disabled:opacity-50 hover:bg-accent hover:text-accent-foreground h-9 w-9"
              href="?page=4"
            >
              4
            </a>
          </li>
          <li
            class="hidden sm:list-item"
          >
            <a
              class="inline-flex items-center justify-center whitespace-nowrap rounded-md text-sm font-medium transition-colors focus-visible:outline-none focus-visible:ring-1 focus-visible:ring-ring disabled:pointer-events-none disabled:opacity-50 hover:bg-accent hover:text-accent-foreground h-9 w-9"
              href="?page=5"
            >
              5
            </a>
          </li>
          <span
            aria-hidden="true"
            class="h-9 w-9 items-center justify-center hidden sm:flex"
          >
            <svg
              class="h-4 w-4"
              fill="none"
              height="15"
              viewBox="0 0 15 15"
              width="15"
              xmlns="http://www.w3.org/2000/svg"
            >
              <path
                clip-rule="evenodd"
                d="M3.625 7.5C3.625 8.12132 3.12132 8.625 2.5 8.625C1.87868 8.625 1.375 8.12132 1.375 7.5C1.375 6.87868 1.87868 6.375 2.5 6.375C3.12132 6.375 3.625 6.87868 3.625 7.5ZM8.625 7.5C8.625 8.12132 8.12132 8.625 7.5 8.625C6.87868 8.625 6.375 8.12132 6.375 7.5C6.375 6.87868 6.87868 6.375 7.5 6.375C8.12132 6.375 8.625 6.87868 8.625 7.5ZM12.5 8.625C13.1213 8.625 13.625 8.12132 13.625 7.5C13.625 6.87868 13.1213 6.375 12.5 6.375C11.8787 6.375 11.375 6.87868 11.375 7.5C11.375 8.12132 11.8787 8.625 12.5 8.625Z"
                fill="currentColor"
                fill-rule="evenodd"
              />
            </svg>
            <span
              class="sr-only"
            >
              More pages
            </span>
          </span>
          <li
            class=""
          >
            <a
              aria-label="Go to next page"
              class="inline-flex items-center justify-center whitespace-nowrap rounded-md text-sm font-medium transition-colors focus-visible:outline-none focus-visible:ring-1 focus-visible:ring-ring disabled:pointer-events-none disabled:opacity-50 hover:bg-accent hover:text-accent-foreground h-9 px-4 py-2 gap-1 pr-2.5"
              href="?page=2"
            >
              <span>
                Next
              </span>
              <svg
                class="h-4 w-4"
                fill="none"
                height="15"
                viewBox="0 0 15 15"
                width="15"
                xmlns="http://www.w3.org/2000/svg"
              >
                <path
                  clip-rule="evenodd"
                  d="M6.1584 3.13508C6.35985 2.94621 6.67627 2.95642 6.86514 3.15788L10.6151 7.15788C10.7954 7.3502 10.7954 7.64949 10.6151 7.84182L6.86514 11.8418C6.67627 12.0433 6.35985 12.0535 6.1584 11.8646C5.95694 11.6757 5.94673 11.3593 6.1356 11.1579L9.565 7.49985L6.1356 3.84182C5.94673 3.64036 5.95694 3.32394 6.1584 3.13508Z"
                  fill="currentColor"
                  fill-rule="evenodd"
                />
              </svg>
            </a>
          </li>
        </ul>
      </nav>
    </div>
  </div>,
  "debug": [Function],
  "findAllByAltText": [Function],
  "findAllByDisplayValue": [Function],
  "findAllByLabelText": [Function],
  "findAllByPlaceholderText": [Function],
  "findAllByRole": [Function],
  "findAllByTestId": [Function],
  "findAllByText": [Function],
  "findAllByTitle": [Function],
  "findByAltText": [Function],
  "findByDisplayValue": [Function],
  "findByLabelText": [Function],
  "findByPlaceholderText": [Function],
  "findByRole": [Function],
  "findByTestId": [Function],
  "findByText": [Function],
  "findByTitle": [Function],
  "getAllByAltText": [Function],
  "getAllByDisplayValue": [Function],
  "getAllByLabelText": [Function],
  "getAllByPlaceholderText": [Function],
  "getAllByRole": [Function],
  "getAllByTestId": [Function],
  "getAllByText": [Function],
  "getAllByTitle": [Function],
  "getByAltText": [Function],
  "getByDisplayValue": [Function],
  "getByLabelText": [Function],
  "getByPlaceholderText": [Function],
  "getByRole": [Function],
  "getByTestId": [Function],
  "getByText": [Function],
  "getByTitle": [Function],
  "queryAllByAltText": [Function],
  "queryAllByDisplayValue": [Function],
  "queryAllByLabelText": [Function],
  "queryAllByPlaceholderText": [Function],
  "queryAllByRole": [Function],
  "queryAllByTestId": [Function],
  "queryAllByText": [Function],
  "queryAllByTitle": [Function],
  "queryByAltText": [Function],
  "queryByDisplayValue": [Function],
  "queryByLabelText": [Function],
  "queryByPlaceholderText": [Function],
  "queryByRole": [Function],
  "queryByTestId": [Function],
  "queryByText": [Function],
  "queryByTitle": [Function],
  "rerender": [Function],
  "unmount": [Function],
}
`;
